// Jest Snapshot v1, https://goo.gl/fbAQLP

exports[`Component: DepartureCard SHOULD match snapshot WHEN rendered 1`] = `
{
  "asFragment": [Function],
  "baseElement": <body>
    <div>
      <div
        class="p-4 border rounded-lg shadow-md bg-white"
      >
        <div
          class="space-y-2"
        >
          <div
            class="font-sans text-primary-green text-sm font-semibold"
          >
            Start Date: 
            2025-08-10
          </div>
          <div
            class="font-sans text-primary-green text-sm font-semibold"
          >
            Price: £
            1715.00
          </div>
          <div
            class="font-sans text-primary-green text-sm font-semibold"
          >
            Availability: 
            Spaces available
          </div>
        </div>
      </div>
    </div>
  </body>,
  "container": <div>
    <div
      class="p-4 border rounded-lg shadow-md bg-white"
    >
      <div
        class="space-y-2"
      >
        <div
          class="font-sans text-primary-green text-sm font-semibold"
        >
          Start Date: 
          2025-08-10
        </div>
        <div
          class="font-sans text-primary-green text-sm font-semibold"
        >
          Price: £
          1715.00
        </div>
        <div
          class="font-sans text-primary-green text-sm font-semibold"
        >
          Availability: 
          Spaces available
        </div>
      </div>
    </div>
  </div>,
  "debug": [Function],
  "findAllByAltText": [Function],
  "findAllByDisplayValue": [Function],
  "findAllByLabelText": [Function],
  "findAllByPlaceholderText": [Function],
  "findAllByRole": [Function],
  "findAllByTestId": [Function],
  "findAllByText": [Function],
  "findAllByTitle": [Function],
  "findByAltText": [Function],
  "findByDisplayValue": [Function],
  "findByLabelText": [Function],
  "findByPlaceholderText": [Function],
  "findByRole": [Function],
  "findByTestId": [Function],
  "findByText": [Function],
  "findByTitle": [Function],
  "getAllByAltText": [Function],
  "getAllByDisplayValue": [Function],
  "getAllByLabelText": [Function],
  "getAllByPlaceholderText": [Function],
  "getAllByRole": [Function],
  "getAllByTestId": [Function],
  "getAllByText": [Function],
  "getAllByTitle": [Function],
  "getByAltText": [Function],
  "getByDisplayValue": [Function],
  "getByLabelText": [Function],
  "getByPlaceholderText": [Function],
  "getByRole": [Function],
  "getByTestId": [Function],
  "getByText": [Function],
  "getByTitle": [Function],
  "queryAllByAltText": [Function],
  "queryAllByDisplayValue": [Function],
  "queryAllByLabelText": [Function],
  "queryAllByPlaceholderText": [Function],
  "queryAllByRole": [Function],
  "queryAllByTestId": [Function],
  "queryAllByText": [Function],
  "queryAllByTitle": [Function],
  "queryByAltText": [Function],
  "queryByDisplayValue": [Function],
  "queryByLabelText": [Function],
  "queryByPlaceholderText": [Function],
  "queryByRole": [Function],
  "queryByTestId": [Function],
  "queryByText": [Function],
  "queryByTitle": [Function],
  "rerender": [Function],
  "unmount": [Function],
}
`;
