// Jest Snapshot v1, https://goo.gl/fbAQLP

exports[`Component: IconLabel SHOULD match snapshot WHEN rendered 1`] = `
{
  "asFragment": [Function],
  "baseElement": <body>
    <div>
      <div
        class="flex items-center"
      >
        <img
          alt="location"
          class="mr-[0.5rem]"
          data-nimg="1"
          decoding="async"
          height="16"
          loading="lazy"
          src="/icons/location.svg"
          style="color: transparent;"
          width="16"
        />
        <span
          class="text-white text-[0.75rem] sm:text-[0.875rem] font-extrabold font-sans leading-[1rem] sm:leading-[1.125rem] tracking-[-0.015rem] sm:tracking-[-0.0175rem] font-sans uppercase"
        >
          Space
        </span>
      </div>
    </div>
  </body>,
  "container": <div>
    <div
      class="flex items-center"
    >
      <img
        alt="location"
        class="mr-[0.5rem]"
        data-nimg="1"
        decoding="async"
        height="16"
        loading="lazy"
        src="/icons/location.svg"
        style="color: transparent;"
        width="16"
      />
      <span
        class="text-white text-[0.75rem] sm:text-[0.875rem] font-extrabold font-sans leading-[1rem] sm:leading-[1.125rem] tracking-[-0.015rem] sm:tracking-[-0.0175rem] font-sans uppercase"
      >
        Space
      </span>
    </div>
  </div>,
  "debug": [Function],
  "findAllByAltText": [Function],
  "findAllByDisplayValue": [Function],
  "findAllByLabelText": [Function],
  "findAllByPlaceholderText": [Function],
  "findAllByRole": [Function],
  "findAllByTestId": [Function],
  "findAllByText": [Function],
  "findAllByTitle": [Function],
  "findByAltText": [Function],
  "findByDisplayValue": [Function],
  "findByLabelText": [Function],
  "findByPlaceholderText": [Function],
  "findByRole": [Function],
  "findByTestId": [Function],
  "findByText": [Function],
  "findByTitle": [Function],
  "getAllByAltText": [Function],
  "getAllByDisplayValue": [Function],
  "getAllByLabelText": [Function],
  "getAllByPlaceholderText": [Function],
  "getAllByRole": [Function],
  "getAllByTestId": [Function],
  "getAllByText": [Function],
  "getAllByTitle": [Function],
  "getByAltText": [Function],
  "getByDisplayValue": [Function],
  "getByLabelText": [Function],
  "getByPlaceholderText": [Function],
  "getByRole": [Function],
  "getByTestId": [Function],
  "getByText": [Function],
  "getByTitle": [Function],
  "queryAllByAltText": [Function],
  "queryAllByDisplayValue": [Function],
  "queryAllByLabelText": [Function],
  "queryAllByPlaceholderText": [Function],
  "queryAllByRole": [Function],
  "queryAllByTestId": [Function],
  "queryAllByText": [Function],
  "queryAllByTitle": [Function],
  "queryByAltText": [Function],
  "queryByDisplayValue": [Function],
  "queryByLabelText": [Function],
  "queryByPlaceholderText": [Function],
  "queryByRole": [Function],
  "queryByTestId": [Function],
  "queryByText": [Function],
  "queryByTitle": [Function],
  "rerender": [Function],
  "unmount": [Function],
}
`;
